c:\users\administrator\source\repos\newgamehack\newgamehack\x64\release\newgamehack.inf
c:\users\administrator\source\repos\newgamehack\x64\release\newgamehack.inf
c:\users\administrator\source\repos\newgamehack\newgamehack\x64\release\api.obj
c:\users\administrator\source\repos\newgamehack\newgamehack\x64\release\cr3_cache.obj
c:\users\administrator\source\repos\newgamehack\newgamehack\x64\release\devicecreate.obj
c:\users\administrator\source\repos\newgamehack\newgamehack\x64\release\dll_injection.obj
c:\users\administrator\source\repos\newgamehack\newgamehack\x64\release\getprocessapiaddress.obj
c:\users\administrator\source\repos\newgamehack\newgamehack\x64\release\hardwarebp.obj
c:\users\administrator\source\repos\newgamehack\newgamehack\x64\release\init.obj
c:\users\administrator\source\repos\newgamehack\newgamehack\x64\release\ioctl_routines.obj
c:\users\administrator\source\repos\newgamehack\newgamehack\x64\release\kevent_or_kmutex_init_logic.obj
c:\users\administrator\source\repos\newgamehack\newgamehack\x64\release\main.obj
c:\users\administrator\source\repos\newgamehack\newgamehack\x64\release\memdump.obj
c:\users\administrator\source\repos\newgamehack\newgamehack\x64\release\memscan.obj
c:\users\administrator\source\repos\newgamehack\newgamehack\x64\release\memwrite.obj
c:\users\administrator\source\repos\newgamehack\newgamehack\x64\release\new_main.obj
c:\users\administrator\source\repos\newgamehack\newgamehack\x64\release\notifyroutines.obj
c:\users\administrator\source\repos\newgamehack\newgamehack\x64\release\pe_logic.obj
c:\users\administrator\source\repos\newgamehack\newgamehack\x64\release\pointerscan.obj
c:\users\administrator\source\repos\newgamehack\newgamehack\x64\release\process.obj
c:\users\administrator\source\repos\newgamehack\newgamehack\x64\release\processmonitor.obj
c:\users\administrator\source\repos\newgamehack\newgamehack\x64\release\userprocess_helper.obj
c:\users\administrator\source\repos\newgamehack\newgamehack\x64\release\virtualmemory.obj
c:\users\administrator\source\repos\newgamehack\newgamehack\x64\release\vc143.pdb
c:\users\administrator\source\repos\newgamehack\newgamehack\x64\release\newgamehack.tlog\cl.command.1.tlog
c:\users\administrator\source\repos\newgamehack\newgamehack\x64\release\newgamehack.tlog\stampinf.command.1.tlog
c:\users\administrator\source\repos\newgamehack\newgamehack\x64\release\newgamehack.tlog\stampinf.read.1.tlog
c:\users\administrator\source\repos\newgamehack\newgamehack\x64\release\newgamehack.tlog\stampinf.write.1.tlog
